// Jest Snapshot v1, https://goo.gl/fbAQLP

exports[`TexField component specs Should display the text received by props in an INPUT tag element - using snapshot 1`] = `
<DocumentFragment>
  <div
    class="MuiFormControl-root MuiTextField-root MuiFormControl-marginNormal"
  >
    <div
      class="MuiInputBase-root MuiInput-root MuiInput-underline MuiInputBase-formControl MuiInput-formControl"
    >
      <input
        aria-invalid="false"
        class="MuiInputBase-input MuiInput-input"
        data-testid="testComponent"
        name="inputName"
        type="text"
        value="The Text Typed"
      />
    </div>
  </div>
</DocumentFragment>
`;
